{
  "a": {
    "exclude": -1,
    "notExclude": 15
  },
  "exclude": {
    "c": -1
  }
}