{
  "Id": "18fd3cb5-5442-4a02-b3fe-27ebaaf138db",
  "Name": "Bam"
}