{
  "Age": 13,
  "DateOfBirth": "2008-07-07T00:00:00",
  "FirstName": "John",
  "LastName": "Bam"
}