{
  "FirstName": "John",
  "LastName": "Bam",
  "DateOfBirth": "2008-07-07T00:00:00",
  "Age": 14
}
